// Jest Snapshot v1, https://goo.gl/fbAQLP

exports[`Product Card component snapshot test 1`] = `
<div
  className="product-card"
  id={4}
>
  <div
    className="card-wrapper"
  >
    <Link
      style={
        Object {
          "textDecoration": "none",
        }
      }
      to="/products/4"
    >
      <div
        className="img-wrapper"
      >
        <img
          alt="product-item"
          className="men's clothing"
          src="https://fakestoreapi.com/img/71YXzeOuslL._AC_UY879_.jpg"
        />
      </div>
      <div
        className="product-title"
      >
        Mens Casual Slim Fit
      </div>
      <Rating
        rating={
          Object {
            "count": 430,
            "rate": 2.1,
          }
        }
      />
    </Link>
  </div>
  <AddToCart
    price="15.99"
  />
</div>
`;
